== cf_shapes_500.wat: applied=4 RA003-consistent=6 ==
OK   real_ifelse(0) = 0x00000000 (wasmtime void) mem==
OK   real_ifelse(1) = 0x00000001 (wasmtime void) mem==
OK   real_ifelse(7) = 0x00000007 (wasmtime void) mem==
OK   real_if(0) = 0x00000000 (wasmtime void) mem==
OK   real_if(1) = 0x00000001 (wasmtime void) mem==
OK   br_func(0) = 0x00000000 (wasmtime void) mem==
OK   br_func(1) = 0x00000001 (wasmtime void) mem==
OK   early_ret(0) = 0x00000000 (wasmtime void) mem==
OK   early_ret(1) = 0x00000001 (wasmtime void) mem==
== provenance_branches_396.wat: applied=1 RA003-consistent=1 ==
OK   decide(0,0) = 0x0000006D (wasmtime 0x0000006D) mem==
OK   decide(5,3) = 0x00000009 (wasmtime 0x00000009) mem==
OK   decide(3,5) = 0x00000009 (wasmtime 0x00000009) mem==
OK   decide(100,1) = 0x00000009 (wasmtime 0x00000009) mem==
== aarch64_ctrlflow_851.wat: applied=3 RA003-consistent=8 ==
OK   count_sum(0) = 0x00000000 (wasmtime 0x00000000) mem==
OK   count_sum(1) = 0x00000000 (wasmtime 0x00000000) mem==
OK   count_sum(5) = 0x0000000A (wasmtime 0x0000000A) mem==
OK   count_sum(17) = 0x00000088 (wasmtime 0x00000088) mem==
OK   countdown(0) = 0x00000000 (wasmtime 0x00000000) mem==
OK   countdown(1) = 0x00000001 (wasmtime 0x00000001) mem==
OK   countdown(9) = 0x00000009 (wasmtime 0x00000009) mem==
OK   do_while_count(1) = 0x00000001 (wasmtime 0x00000001) mem==
OK   do_while_count(6) = 0x00000006 (wasmtime 0x00000006) mem==
OK   do_while_count(23) = 0x00000017 (wasmtime 0x00000017) mem==
== loop_param_bound_663.wat: applied=4 RA003-consistent=4 ==
OK   sum_const(0,0) = 0x0000002D (wasmtime 0x0000002D) mem==
OK   sum_const(3,4) = 0x0000002D (wasmtime 0x0000002D) mem==
OK   sum_below(0,0) = 0x00000000 (wasmtime 0x00000000) mem==
OK   sum_below(1,5) = 0x00000000 (wasmtime 0x00000000) mem==
OK   sum_below(4,4) = 0x00000006 (wasmtime 0x00000006) mem==
OK   sum_below(2,9) = 0x00000001 (wasmtime 0x00000001) mem==
== if_else_result_343.wat: applied=2 RA003-consistent=3 ==
OK   pick(0) = 0x00000014 (wasmtime 0x00000014) mem==
OK   pick(1) = 0x00000003 (wasmtime 0x00000003) mem==
OK   pick(4294967295) = 0x00000003 (wasmtime 0x00000003) mem==
OK   pick2(0) = 0x0000012C (wasmtime 0x0000012C) mem==
OK   pick2(1) = 0x00000007 (wasmtime 0x00000007) mem==
== brif_outer_740.wat: applied=1 RA003-consistent=1 ==
OK   poll(7,0) = 0x00000007 (wasmtime 0x00000007) mem==
OK   poll(200,0) = 0x000000C8 (wasmtime 0x000000C8) mem==
OK   poll(200,1) = 0x000000C9 (wasmtime 0x000000C9) mem==
OK   poll(5,3) = 0x00000005 (wasmtime 0x00000005) mem==
== local_promote_cross_call.wat: applied=1 RA003-consistent=2 ==
OK   cross_call(0) = 0x00000064 (wasmtime 0x00000064) mem==
OK   cross_call(5) = 0x00000076 (wasmtime 0x00000076) mem==
OK   cross_call(100) = 0x000001F4 (wasmtime 0x000001F4) mem==
OK   cross_call(65535) = 0x0003FF9E (wasmtime 0x0003FF9E) mem==
== intra_module_callee_saved.wat: applied=1 RA003-consistent=2 ==
OK   a(0) = 0x0000006B (wasmtime 0x0000006B) mem==
OK   a(7) = 0x00000087 (wasmtime 0x00000087) mem==
OK   a(100) = 0x000001FB (wasmtime 0x000001FB) mem==
== stack_canary_687.wat: applied=1 RA003-consistent=4 ==
OK   recurse(0) = 0x00000000 (wasmtime 0x00000000) mem==
OK   recurse(1) = 0x00000001 (wasmtime 0x00000001) mem==
OK   recurse(5) = 0x00000005 (wasmtime 0x00000005) mem==
OK   recurse(12) = 0x0000000C (wasmtime 0x0000000C) mem==
== call_5args.wat: applied=1 RA003-consistent=2 ==
OK   caller(1,2,3,4,5) = 0x00054321 (wasmtime 0x00054321) mem==
OK   caller(0,0,0,0,9) = 0x00090000 (wasmtime 0x00090000) mem==
OK   caller(15,1,2,4,8) = 0x0008421F (wasmtime 0x0008421F) mem==
== call_6_7args.wat: applied=4 RA003-consistent=4 ==
OK   call6(1,2,3,4,5,6) = 0x00654321 (wasmtime 0x00654321) mem==
OK   call6(0,0,0,0,0,7) = 0x00700000 (wasmtime 0x00700000) mem==
OK   call7(1,2,3,4,5,6,7) = 0x07654321 (wasmtime 0x07654321) mem==
OK   call7(0,0,0,0,0,0,9) = 0x09000000 (wasmtime 0x09000000) mem==

engaged functions (flag-on bytes differ): 19 (of which CALL shapes: 6)
VCR-DEC-001-JOIN CHECKS=56/56 ENGAGED=19 CALLSHAPES=6
RESULT: PASS
ORACLE-CALIBRATION script=vcr_dec_001_join_alloc_execution_differential.py emulations=56 wasmtime_calls=56 compiles=22 exit=0 secs=0.5
